../Core/Src/main.c:42:6:USART2_IRQHandler	8	static
../Core/Src/main.c:52:6:HAL_UART_RxCpltCallback	24	static
../Core/Src/main.c:72:6:HAL_UART_TxCpltCallback	16	static
../Core/Src/main.c:85:6:HAL_UART_ErrorCallback	16	static
../Core/Src/main.c:105:6:StartUartTask	32	static
../Core/Src/main.c:140:5:main	48	static
../Core/Src/main.c:187:13:MX_USART2_UART_Init	16	static
../Core/Src/main.c:210:13:MX_GPIO_Init	32	static
../Core/Src/main.c:234:6:SystemClock_Config	96	static
../Core/Src/main.c:265:6:Error_Handler	8	static,ignoring_inline_asm
